[full_selfevo_bw] python=/Users/maoxunhuang/Desktop/MAS_Analyzer/.venv/bin/python3 (3.14.5)
[full_selfevo_bw] ONLY_SYSTEMS=self_evolved MODELS=google/gemma-4-31b-it:nitro BENCHMARKS=workbench TASK_LIMIT=2 RUNS_PER_TASK=1 EXPERIMENT_ID=smoke_selfevo
[full_selfevo_bw] SKILL_UPDATE_BATCH_SIZE=2 MAX_PARALLEL=1 SELF_EVOLVED_ARGS=' --skill-update-batch-size 2'
/Users/maoxunhuang/Desktop/MAS_Analyzer/.venv/lib/python3.14/site-packages/langchain_core/_api/deprecation.py:25: UserWarning: Core Pydantic V1 functionality isn't compatible with Python 3.14 or greater.
  from pydantic.v1.fields import FieldInfo as FieldInfoV1
/Users/maoxunhuang/Desktop/MAS_Analyzer/.venv/lib/python3.14/site-packages/langchain_core/_api/deprecation.py:25: UserWarning: Core Pydantic V1 functionality isn't compatible with Python 3.14 or greater.
  from pydantic.v1.fields import FieldInfo as FieldInfoV1

Batch root: /Users/maoxunhuang/Desktop/MAS_Analyzer/artifacts/full_experiment
Started at: 2026-06-25T13:51:43Z
Benchmarks: workbench
Models: google/gemma-4-31b-it:nitro
WARNING benchmark=workbench runs_per_task=1 non_estimable_metrics=stability,tokens_cv,pass_at_3,pass_at_5,pass_at_8

=== Preparing benchmark=workbench ===
Prepared benchmark=workbench sample_tasks=1

Live progress snapshots enabled: interval_s=300

=== Initial progress snapshot 2026-06-25T13:51:45Z ===
[progress] experiment=smoke_selfevo__google_gemma_4_31b_it_nitro
[progress] Experiment run-status summary: missing_tasks=0 run_failures=0 fallbacks=0 needs_rerun_tasks=0

=== Running model=google/gemma-4-31b-it:nitro experiment_id=smoke_selfevo__google_gemma_4_31b_it_nitro experiment_root=/Users/maoxunhuang/Desktop/MAS_Analyzer/artifacts/full_experiment/smoke_selfevo__google_gemma_4_31b_it_nitro ===

=== Running batch (jobs=1, skipped=0, max_parallel=1, retries=3) ===

[1/1] START benchmark=workbench system=self_evolved log=/Users/maoxunhuang/Desktop/MAS_Analyzer/artifacts/full_experiment/smoke_selfevo__google_gemma_4_31b_it_nitro/logs/workbench/self_evolved.log

=== Progress snapshot 2026-06-25T13:56:47Z ===
[progress] experiment=smoke_selfevo__google_gemma_4_31b_it_nitro
[progress] Experiment run-status summary: missing_tasks=2 run_failures=0 fallbacks=0 needs_rerun_tasks=0
[progress]   - workbench::self_evolved completed=0/2 missing=2 run_failures=0 fallbacks=0 needs_rerun=0

=== Progress snapshot 2026-06-25T14:01:49Z ===
[progress] experiment=smoke_selfevo__google_gemma_4_31b_it_nitro
[progress] Experiment run-status summary: missing_tasks=2 run_failures=0 fallbacks=0 needs_rerun_tasks=0
[progress]   - workbench::self_evolved completed=0/2 missing=2 run_failures=0 fallbacks=0 needs_rerun=0

=== Progress snapshot 2026-06-25T14:06:51Z ===
[progress] experiment=smoke_selfevo__google_gemma_4_31b_it_nitro
[progress] Experiment run-status summary: missing_tasks=2 run_failures=0 fallbacks=0 needs_rerun_tasks=0
[progress]   - workbench::self_evolved completed=0/2 missing=2 run_failures=0 fallbacks=0 needs_rerun=0

=== Progress snapshot 2026-06-25T14:11:54Z ===
[progress] experiment=smoke_selfevo__google_gemma_4_31b_it_nitro
[progress] Experiment run-status summary: missing_tasks=2 run_failures=0 fallbacks=0 needs_rerun_tasks=0
[progress]   - workbench::self_evolved completed=0/2 missing=2 run_failures=0 fallbacks=0 needs_rerun=0

=== Progress snapshot 2026-06-25T14:16:57Z ===
[progress] experiment=smoke_selfevo__google_gemma_4_31b_it_nitro
[progress] Experiment run-status summary: missing_tasks=2 run_failures=0 fallbacks=0 needs_rerun_tasks=0
[progress]   - workbench::self_evolved completed=0/2 missing=2 run_failures=0 fallbacks=0 needs_rerun=0

=== Progress snapshot 2026-06-25T14:21:59Z ===
[progress] experiment=smoke_selfevo__google_gemma_4_31b_it_nitro
[progress] Experiment run-status summary: missing_tasks=2 run_failures=0 fallbacks=0 needs_rerun_tasks=0
[progress]   - workbench::self_evolved completed=0/2 missing=2 run_failures=0 fallbacks=0 needs_rerun=0

=== Progress snapshot 2026-06-25T14:27:02Z ===
[progress] experiment=smoke_selfevo__google_gemma_4_31b_it_nitro
[progress] Experiment run-status summary: missing_tasks=1 run_failures=0 fallbacks=0 needs_rerun_tasks=0
[progress]   - workbench::self_evolved completed=1/2 missing=1 run_failures=0 fallbacks=0 needs_rerun=0

=== Progress snapshot 2026-06-25T14:32:04Z ===
[progress] experiment=smoke_selfevo__google_gemma_4_31b_it_nitro
[progress] Experiment run-status summary: missing_tasks=1 run_failures=0 fallbacks=0 needs_rerun_tasks=0
[progress]   - workbench::self_evolved completed=1/2 missing=1 run_failures=0 fallbacks=0 needs_rerun=0

=== Progress snapshot 2026-06-25T14:37:07Z ===
[progress] experiment=smoke_selfevo__google_gemma_4_31b_it_nitro
[progress] Experiment run-status summary: missing_tasks=1 run_failures=0 fallbacks=0 needs_rerun_tasks=0
[progress]   - workbench::self_evolved completed=1/2 missing=1 run_failures=0 fallbacks=0 needs_rerun=0

=== Progress snapshot 2026-06-25T14:42:09Z ===
[progress] experiment=smoke_selfevo__google_gemma_4_31b_it_nitro
[progress] Experiment run-status summary: missing_tasks=1 run_failures=0 fallbacks=0 needs_rerun_tasks=0
[progress]   - workbench::self_evolved completed=1/2 missing=1 run_failures=0 fallbacks=0 needs_rerun=0

=== Progress snapshot 2026-06-25T14:47:11Z ===
[progress] experiment=smoke_selfevo__google_gemma_4_31b_it_nitro
[progress] Experiment run-status summary: missing_tasks=1 run_failures=0 fallbacks=0 needs_rerun_tasks=0
[progress]   - workbench::self_evolved completed=1/2 missing=1 run_failures=0 fallbacks=0 needs_rerun=0
[1/1] OK benchmark=workbench system=self_evolved attempts=1 elapsed_s=3606.5

=== Aggregating experiment summary ===
$ /Users/maoxunhuang/Desktop/MAS_Analyzer/.venv/bin/python main.py summarize-experiment --experiment-root /Users/maoxunhuang/Desktop/MAS_Analyzer/artifacts/full_experiment/smoke_selfevo__google_gemma_4_31b_it_nitro
Experiment summary complete: /Users/maoxunhuang/Desktop/MAS_Analyzer/artifacts/full_experiment/smoke_selfevo__google_gemma_4_31b_it_nitro
Experiment run-status summary: missing_tasks=0 run_failures=0 fallbacks=0 needs_rerun_tasks=0

Completed successfully: /Users/maoxunhuang/Desktop/MAS_Analyzer/artifacts/full_experiment/smoke_selfevo__google_gemma_4_31b_it_nitro
Wrote multi-model manifest: /Users/maoxunhuang/Desktop/MAS_Analyzer/artifacts/full_experiment/smoke_selfevo/multi_model_manifest.json
Completed successfully:
  - /Users/maoxunhuang/Desktop/MAS_Analyzer/artifacts/full_experiment/smoke_selfevo__google_gemma_4_31b_it_nitro

