[smoke_selfevo] BENCHMARKS=browsecomp,workbench TASK_LIMIT=3 RUNS_PER_TASK=1 EXPERIMENT_ID=smoke_selfevo SKILL_UPDATE_BATCH_SIZE=3
[full_selfevo_bw] python=/Users/maoxunhuang/Desktop/MAS_Analyzer/.venv/bin/python3 (3.14.5)
[full_selfevo_bw] ONLY_SYSTEMS=self_evolved MODELS=google/gemma-4-31b-it:nitro BENCHMARKS=browsecomp,workbench TASK_LIMIT=3 RUNS_PER_TASK=1 EXPERIMENT_ID=smoke_selfevo
[full_selfevo_bw] SKILL_UPDATE_BATCH_SIZE=3 MAX_PARALLEL=1 SELF_EVOLVED_ARGS=' --skill-update-batch-size 3'
/Users/maoxunhuang/Desktop/MAS_Analyzer/.venv/lib/python3.14/site-packages/langchain_core/_api/deprecation.py:25: UserWarning: Core Pydantic V1 functionality isn't compatible with Python 3.14 or greater.
  from pydantic.v1.fields import FieldInfo as FieldInfoV1
/Users/maoxunhuang/Desktop/MAS_Analyzer/.venv/lib/python3.14/site-packages/langchain_core/_api/deprecation.py:25: UserWarning: Core Pydantic V1 functionality isn't compatible with Python 3.14 or greater.
  from pydantic.v1.fields import FieldInfo as FieldInfoV1

Batch root: /Users/maoxunhuang/Desktop/MAS_Analyzer/artifacts/full_experiment
Started at: 2026-06-25T15:23:26Z
Benchmarks: browsecomp, workbench
Models: google/gemma-4-31b-it:nitro
WARNING benchmark=browsecomp runs_per_task=1 non_estimable_metrics=stability,tokens_cv,pass_at_3,pass_at_5,pass_at_8
WARNING benchmark=workbench runs_per_task=1 non_estimable_metrics=stability,tokens_cv,pass_at_3,pass_at_5,pass_at_8

=== Preparing benchmark=browsecomp ===
Prepared benchmark=browsecomp sample_tasks=1

=== Preparing benchmark=workbench ===
Prepared benchmark=workbench sample_tasks=1

Live progress snapshots enabled: interval_s=300

=== Initial progress snapshot 2026-06-25T15:23:29Z ===
[progress] experiment=smoke_selfevo__google_gemma_4_31b_it_nitro
[progress] Experiment run-status summary: missing_tasks=0 run_failures=0 fallbacks=0 needs_rerun_tasks=0

=== Running model=google/gemma-4-31b-it:nitro experiment_id=smoke_selfevo__google_gemma_4_31b_it_nitro experiment_root=/Users/maoxunhuang/Desktop/MAS_Analyzer/artifacts/full_experiment/smoke_selfevo__google_gemma_4_31b_it_nitro ===

=== Running batch (jobs=2, skipped=0, max_parallel=1, retries=3) ===

[1/2] START benchmark=browsecomp system=self_evolved log=/Users/maoxunhuang/Desktop/MAS_Analyzer/artifacts/full_experiment/smoke_selfevo__google_gemma_4_31b_it_nitro/logs/browsecomp/self_evolved.log

=== Progress snapshot 2026-06-25T15:28:30Z ===
[progress] experiment=smoke_selfevo__google_gemma_4_31b_it_nitro
[progress] Experiment run-status summary: missing_tasks=3 run_failures=0 fallbacks=0 needs_rerun_tasks=0
[progress]   - browsecomp::self_evolved completed=0/3 missing=3 run_failures=0 fallbacks=0 needs_rerun=0

=== Progress snapshot 2026-06-25T15:33:33Z ===
[progress] experiment=smoke_selfevo__google_gemma_4_31b_it_nitro
[progress] Experiment run-status summary: missing_tasks=3 run_failures=0 fallbacks=0 needs_rerun_tasks=0
[progress]   - browsecomp::self_evolved completed=0/3 missing=3 run_failures=0 fallbacks=0 needs_rerun=0

=== Progress snapshot 2026-06-25T15:38:35Z ===
[progress] experiment=smoke_selfevo__google_gemma_4_31b_it_nitro
[progress] Experiment run-status summary: missing_tasks=3 run_failures=0 fallbacks=0 needs_rerun_tasks=0
[progress]   - browsecomp::self_evolved completed=0/3 missing=3 run_failures=0 fallbacks=0 needs_rerun=0

=== Progress snapshot 2026-06-25T15:43:37Z ===
[progress] experiment=smoke_selfevo__google_gemma_4_31b_it_nitro
[progress] Experiment run-status summary: missing_tasks=3 run_failures=0 fallbacks=0 needs_rerun_tasks=0
[progress]   - browsecomp::self_evolved completed=0/3 missing=3 run_failures=0 fallbacks=0 needs_rerun=0

=== Progress snapshot 2026-06-25T15:48:39Z ===
[progress] experiment=smoke_selfevo__google_gemma_4_31b_it_nitro
[progress] Experiment run-status summary: missing_tasks=3 run_failures=0 fallbacks=0 needs_rerun_tasks=0
[progress]   - browsecomp::self_evolved completed=0/3 missing=3 run_failures=0 fallbacks=0 needs_rerun=0

=== Progress snapshot 2026-06-25T15:53:41Z ===
[progress] experiment=smoke_selfevo__google_gemma_4_31b_it_nitro
[progress] Experiment run-status summary: missing_tasks=3 run_failures=0 fallbacks=0 needs_rerun_tasks=0
[progress]   - browsecomp::self_evolved completed=0/3 missing=3 run_failures=0 fallbacks=0 needs_rerun=0

=== Progress snapshot 2026-06-25T15:58:44Z ===
[progress] experiment=smoke_selfevo__google_gemma_4_31b_it_nitro
[progress] Experiment run-status summary: missing_tasks=2 run_failures=0 fallbacks=0 needs_rerun_tasks=0
[progress]   - browsecomp::self_evolved completed=1/3 missing=2 run_failures=0 fallbacks=0 needs_rerun=0

=== Progress snapshot 2026-06-25T16:03:46Z ===
[progress] experiment=smoke_selfevo__google_gemma_4_31b_it_nitro
[progress] Experiment run-status summary: missing_tasks=2 run_failures=0 fallbacks=0 needs_rerun_tasks=0
[progress]   - browsecomp::self_evolved completed=1/3 missing=2 run_failures=0 fallbacks=0 needs_rerun=0

=== Progress snapshot 2026-06-25T16:08:48Z ===
[progress] experiment=smoke_selfevo__google_gemma_4_31b_it_nitro
[progress] Experiment run-status summary: missing_tasks=2 run_failures=0 fallbacks=0 needs_rerun_tasks=0
[progress]   - browsecomp::self_evolved completed=1/3 missing=2 run_failures=0 fallbacks=0 needs_rerun=0

=== Progress snapshot 2026-06-25T16:13:50Z ===
[progress] experiment=smoke_selfevo__google_gemma_4_31b_it_nitro
[progress] Experiment run-status summary: missing_tasks=2 run_failures=0 fallbacks=0 needs_rerun_tasks=0
[progress]   - browsecomp::self_evolved completed=1/3 missing=2 run_failures=0 fallbacks=0 needs_rerun=0

=== Progress snapshot 2026-06-25T16:18:52Z ===
[progress] experiment=smoke_selfevo__google_gemma_4_31b_it_nitro
[progress] Experiment run-status summary: missing_tasks=2 run_failures=0 fallbacks=0 needs_rerun_tasks=0
[progress]   - browsecomp::self_evolved completed=1/3 missing=2 run_failures=0 fallbacks=0 needs_rerun=0

=== Progress snapshot 2026-06-25T16:23:54Z ===
[progress] experiment=smoke_selfevo__google_gemma_4_31b_it_nitro
[progress] Experiment run-status summary: missing_tasks=1 run_failures=0 fallbacks=0 needs_rerun_tasks=0
[progress]   - browsecomp::self_evolved completed=2/3 missing=1 run_failures=0 fallbacks=0 needs_rerun=0

=== Progress snapshot 2026-06-25T16:28:57Z ===
[progress] experiment=smoke_selfevo__google_gemma_4_31b_it_nitro
[progress] Experiment run-status summary: missing_tasks=1 run_failures=0 fallbacks=0 needs_rerun_tasks=0
[progress]   - browsecomp::self_evolved completed=2/3 missing=1 run_failures=0 fallbacks=0 needs_rerun=0

=== Progress snapshot 2026-06-25T16:33:59Z ===
[progress] experiment=smoke_selfevo__google_gemma_4_31b_it_nitro
[progress] Experiment run-status summary: missing_tasks=1 run_failures=0 fallbacks=0 needs_rerun_tasks=0
[progress]   - browsecomp::self_evolved completed=2/3 missing=1 run_failures=0 fallbacks=0 needs_rerun=0
[1/2] OK benchmark=browsecomp system=self_evolved attempts=1 elapsed_s=4454.8

[2/2] START benchmark=workbench system=self_evolved log=/Users/maoxunhuang/Desktop/MAS_Analyzer/artifacts/full_experiment/smoke_selfevo__google_gemma_4_31b_it_nitro/logs/workbench/self_evolved.log

=== Progress snapshot 2026-06-25T16:39:01Z ===
[progress] experiment=smoke_selfevo__google_gemma_4_31b_it_nitro
[progress] Experiment run-status summary: missing_tasks=3 run_failures=0 fallbacks=0 needs_rerun_tasks=0
[progress]   - workbench::self_evolved completed=0/3 missing=3 run_failures=0 fallbacks=0 needs_rerun=0

=== Progress snapshot 2026-06-25T16:44:03Z ===
[progress] experiment=smoke_selfevo__google_gemma_4_31b_it_nitro
[progress] Experiment run-status summary: missing_tasks=3 run_failures=0 fallbacks=0 needs_rerun_tasks=0
[progress]   - workbench::self_evolved completed=0/3 missing=3 run_failures=0 fallbacks=0 needs_rerun=0

=== Progress snapshot 2026-06-25T16:49:05Z ===
[progress] experiment=smoke_selfevo__google_gemma_4_31b_it_nitro
[progress] Experiment run-status summary: missing_tasks=2 run_failures=0 fallbacks=0 needs_rerun_tasks=0
[progress]   - workbench::self_evolved completed=1/3 missing=2 run_failures=0 fallbacks=0 needs_rerun=0

=== Progress snapshot 2026-06-25T16:54:07Z ===
[progress] experiment=smoke_selfevo__google_gemma_4_31b_it_nitro
[progress] Experiment run-status summary: missing_tasks=1 run_failures=0 fallbacks=0 needs_rerun_tasks=0
[progress]   - workbench::self_evolved completed=2/3 missing=1 run_failures=0 fallbacks=0 needs_rerun=0
[2/2] OK benchmark=workbench system=self_evolved attempts=1 elapsed_s=1148.8

=== Aggregating experiment summary ===
$ /Users/maoxunhuang/Desktop/MAS_Analyzer/.venv/bin/python main.py summarize-experiment --experiment-root /Users/maoxunhuang/Desktop/MAS_Analyzer/artifacts/full_experiment/smoke_selfevo__google_gemma_4_31b_it_nitro
Experiment summary complete: /Users/maoxunhuang/Desktop/MAS_Analyzer/artifacts/full_experiment/smoke_selfevo__google_gemma_4_31b_it_nitro
Experiment run-status summary: missing_tasks=0 run_failures=0 fallbacks=0 needs_rerun_tasks=0

Completed successfully: /Users/maoxunhuang/Desktop/MAS_Analyzer/artifacts/full_experiment/smoke_selfevo__google_gemma_4_31b_it_nitro
Wrote multi-model manifest: /Users/maoxunhuang/Desktop/MAS_Analyzer/artifacts/full_experiment/smoke_selfevo/multi_model_manifest.json
Completed successfully:
  - /Users/maoxunhuang/Desktop/MAS_Analyzer/artifacts/full_experiment/smoke_selfevo__google_gemma_4_31b_it_nitro

