Experiment root: /Users/maoxunhuang/Desktop/MAS_Analyzer/artifacts/full_experiment/20260330T200430Z
Started at: 2026-03-30T20:04:30Z

=== Preparing benchmark=browsecomp ===
Prepared benchmark=browsecomp sample_tasks=1

=== Preparing benchmark=workbench ===
Prepared benchmark=workbench sample_tasks=1

=== Running benchmark=browsecomp system=sas ===

=== Running benchmark=browsecomp system=orchestrator_tree_structure ===

=== Running benchmark=browsecomp system=orchestrator_no_discussion ===

=== Running benchmark=browsecomp system=orchestrator_with_discussion ===

=== Running benchmark=browsecomp system=only_voting ===

=== Running benchmark=browsecomp system=fully_linked_debate ===

=== Running benchmark=browsecomp system=group_chat_debate ===

=== Running benchmark=workbench system=sas ===

=== Running benchmark=workbench system=orchestrator_tree_structure ===

=== Running benchmark=workbench system=orchestrator_no_discussion ===

=== Running benchmark=workbench system=orchestrator_with_discussion ===

=== Running benchmark=workbench system=only_voting ===

=== Running benchmark=workbench system=fully_linked_debate ===

=== Running benchmark=workbench system=group_chat_debate ===

=== Aggregating experiment summary ===
$ /Users/maoxunhuang/miniconda3/envs/agents/bin/python main.py summarize-experiment --experiment-root /Users/maoxunhuang/Desktop/MAS_Analyzer/artifacts/full_experiment/20260330T200430Z

Completed successfully: /Users/maoxunhuang/Desktop/MAS_Analyzer/artifacts/full_experiment/20260330T200430Z
